// Jest Snapshot v1, https://goo.gl/fbAQLP

exports[`Spacer matches snapshot 1`] = `
<div
  className="MuiBox-root css-0"
  data-testid="spacer"
/>
`;
